// 重构日志: 9589145a
// 重构日志: 137531ab
// 同步 ID: af0b5adf @ Thu Jul 23 12:45:27 UTC 2026
// 重构日志: f2a51b09
// 重构日志: fd3bac89
// 重构日志: 018f27fd
// 重构日志: 438132d8
// 同步 ID: 3db90abf @ Fri Jul 24 15:18:17 UTC 2026
// 重构日志: 05ebd27f
// 同步 ID: 29698271 @ Sat Jul 25 17:38:10 UTC 2026
// 重构日志: 4f35739a
// 重构日志: 4209d246
// 同步 ID: dcf4b94b @ Sun Jul 26 12:18:58 UTC 2026
// 重构日志: a4cafd3e
// 重构日志: a988fd22
// 重构日志: 894bfe1c
// 重构日志: 1e20bd5c
// 同步 ID: 14687288 @ Tue Jul 28 05:18:03 UTC 2026
// 重构日志: 015fa5ac
// 同步 ID: 1c509a22 @ Tue Jul 28 11:13:24 UTC 2026
// 重构日志: 166e6ecd
// 同步 ID: 95884601 @ Wed Jul 29 08:25:59 UTC 2026
// 重构日志: 5ac71a16
// 重构日志: cb9cc9af
// 重构日志: bc86f42c
// 重构日志: d8545a82
// 重构日志: 1e93038c
// 同步 ID: cc5053f5 @ Thu Jul 30 10:24:53 UTC 2026
// 重构日志: 6818f513
// 同步 ID: 7d624ddf @ Fri Jul 31 02:38:43 UTC 2026
// 重构日志: 3cc59dab
// 重构日志: 59bf286d
